// Jest Snapshot v1, https://goo.gl/fbAQLP

exports[`test Autor component renders without crashing 1`] = `
<div>
  <h1>
    Novo Autor
  </h1>
  <form>
    <label
      htmlFor="autorNome"
    >
      Nome: 
    </label>
    <input
      id="autorNome"
      name="nome"
    />
    <br />
    <label
      htmlFor="autorEmail"
    >
      Email: 
    </label>
    <input
      id="autorEmail"
      name="email"
    />
    <br />
    <button
      id="btnGravarAutor"
      type="submit"
    >
      Gravar Autor
    </button>
  </form>
  <br />
  <div>
    <table>
      <caption>
        Autores
      </caption>
      <thead>
        <tr>
          <th>
            Nome
          </th>
          <th>
            Email
          </th>
        </tr>
      </thead>
      <tbody />
    </table>
  </div>
</div>
`;
