// Jest Snapshot v1, https://goo.gl/fbAQLP

exports[`test autorForm component should renders without crashing 1`] = `
<div>
  <form>
    <label
      htmlFor="autorNome"
    >
      Nome: 
    </label>
    <input
      id="autorNome"
      name="nome"
    />
    <br />
    <label
      htmlFor="autorEmail"
    >
      Email: 
    </label>
    <input
      id="autorEmail"
      name="email"
    />
    <br />
    <button
      id="btnGravarAutor"
      type="submit"
    >
      Gravar Autor
    </button>
  </form>
</div>
`;
