// Jest Snapshot v1, https://goo.gl/fbAQLP

exports[`test AutorTable components should renders without crashing 1`] = `
<div>
  <table>
    <caption>
      Autores
    </caption>
    <thead>
      <tr>
        <th>
          Nome
        </th>
        <th>
          Email
        </th>
      </tr>
    </thead>
    <tbody>
      <tr>
        <td>
          fulano
        </td>
        <td>
          fulano@fulano.com
        </td>
        <td>
          <button
            onClick={[Function]}
          >
            alterar
          </button>
        </td>
        <td>
          <button
            onClick={[Function]}
          >
            remover
          </button>
        </td>
      </tr>
      <tr>
        <td>
          ciclano
        </td>
        <td>
          ciclano@ciclano.com
        </td>
        <td>
          <button
            onClick={[Function]}
          >
            alterar
          </button>
        </td>
        <td>
          <button
            onClick={[Function]}
          >
            remover
          </button>
        </td>
      </tr>
    </tbody>
  </table>
</div>
`;
