// Jest Snapshot v1, https://goo.gl/fbAQLP

exports[`test MenuContainer component should renders without crashing  1`] = `
<nav
  className="menu"
>
  <ul>
    <li>
      <a
        href="/livros"
        id="livroItem"
        onClick={[Function]}
      >
        Livros
      </a>
    </li>
    <li>
      <a
        href="/autores"
        id="autorItem"
        onClick={[Function]}
      >
        Autores
      </a>
    </li>
    <li>
      <a
        href="/vendas"
        id="vendaItem"
        onClick={[Function]}
      >
        Vendas
      </a>
    </li>
    <li>
      <a
        href="/"
        id="logoutItem"
        onClick={[Function]}
      >
        Logout
      </a>
    </li>
  </ul>
</nav>
`;
