// Jest Snapshot v1, https://goo.gl/fbAQLP

exports[`test LivroConteiner component should renders without crashing  1`] = `
<div>
  <h1>
    Novo Livro
  </h1>
  <div>
    <form
      onSubmit={[Function]}
    >
      <label
        htmlFor="livroTitulo"
      >
        Titulo: 
      </label>
      <input
        id="livroTitulo"
        name="titulo"
        onChange={[Function]}
      />
      <br />
      <label
        htmlFor="livroIsbn"
      >
        ISBN: 
      </label>
      <input
        id="livroIsbn"
        name="isbn"
        onChange={[Function]}
      />
      <br />
      <label
        htmlFor="livroPreco"
      >
        Preço: 
      </label>
      <input
        id="livroPreco"
        name="preco"
        onChange={[Function]}
      />
      <br />
      <label
        htmlFor="livroDataLancamento"
      >
        Data de Lançamento: 
      </label>
      <input
        id="livroDataLancamento"
        name="dataLancamento"
        onChange={[Function]}
      />
      <br />
      <label
        htmlFor="livroAutores"
      >
        Selecione o Autor: 
      </label>
      <select
        id="livroAutores"
        name="selectAutor"
        onChange={[Function]}
        value=""
      >
        <option
          value=""
        >
          Selecione
        </option>
      </select>
      <button
        id="btnAddAutor"
        onClick={[Function]}
        type="button"
      >
        Adicionar Autor
      </button>
      <br />
      <label>
        Autores: 
      </label>
      <ul />
      <br />
      <button
        disabled={true}
        id="btnGravar"
        type="submit"
      >
        Gravar Livro
      </button>
    </form>
  </div>
  <br />
  <div>
    <table>
      <caption>
        Livros
      </caption>
      <thead>
        <tr>
          <th>
            Titulo
          </th>
          <th>
            ISBN
          </th>
          <th>
            Preço
          </th>
          <th>
            Data Lançamento
          </th>
        </tr>
      </thead>
      <tbody />
    </table>
  </div>
</div>
`;
